
> ayahfind-server@1.0.0 build C:\Users\ibrah\Documents\Dev-fork\AyahFind\server
> next build

   Γû▓ Next.js 15.5.10
   - Environments: .env
   - Experiments (use with caution):
     ┬╖ serverActions

   Creating an optimized production build ...
 Γ£ô Compiled successfully in 6.1s
   Linting and checking validity of types ...
node.exe : Failed to compile.
At C:\Users\ibrah\AppData\Roaming\npm\
pnpm.ps1:24 char:5
+     & "node$exe"  "$basedir/node_mod
ules/pnpm/bin/pnpm.cjs" $args
+     ~~~~~~~~~~~~~~~~~~~~~~~~~~~~~~~~
~~~~~~~~~~~~~~~~~~~~~~~~~~~~~
    + CategoryInfo          : 
NotSpecified: (Failed to co    
mpile.:String) [], RemoteException
    + FullyQualifiedErrorId : 
NativeCommandError
 

./src/lib/utils/jwt.ts:27:14
Type error: No overload matches this 
call.
  Overload 1 of 5, '(payload: string 
| object | Buffer<ArrayBufferLike>, 
secretOrPrivateKey: null, options?: 
(SignOptions & { algorithm: "none"; 
}) | undefined): string', gave the 
following error.
    Argument of type 'string' is not 
assignable to parameter of type 
'null'.
  Overload 2 of 5, '(payload: string 
| object | Buffer<ArrayBufferLike>, 
secretOrPrivateKey: 
Buffer<ArrayBufferLike> | Secret | 
PrivateKeyInput | JsonWebKeyInput, 
options?: SignOptions | undefined): 
string', gave the following error.
    Type 'string' is not assignable 
to type 'number | StringValue | 
undefined'.
  Overload 3 of 5, '(payload: string 
| object | Buffer<ArrayBufferLike>, 
secretOrPrivateKey: 
Buffer<ArrayBufferLike> | Secret | 
PrivateKeyInput | JsonWebKeyInput, 
callback: SignCallback): void', gave 
the following error.
    Object literal may only specify 
known properties, and 'expiresIn' 
does not exist in type 'SignCallback'.

[0m [90m 25 |[39m [90m */[39m
 [90m 26 |[39m [36mexport[39m 
[36mfunction[39m generateAccessToken
(payload[33m:[39m [33mOmit[39m[33
m<[39m[33mJWTPayload[39m[33m,[39m
 [32m'type'[39m[33m>[39m)[33m:[3
9m string {
[31m[1m>[22m[39m[90m 27 |[39m   
[36mreturn[39m jwt[33m.[39msign(
 [90m    |[39m              
[31m[1m^[22m[39m
 [90m 28 |[39m     { 
[33m...[39mpayload[33m,[39m 
type[33m:[39m [32m'access'[39m 
}[33m,[39m
 [90m 29 |[39m     
[33mJWT_SECRET[39m[33m,[39m
 [90m 30 |[39m     { 
expiresIn[33m:[39m 
[33mJWT_EXPIRES_IN[39m }[0m
Next.js build worker exited with 
code: 1 and signal: null
ΓÇëELIFECYCLEΓÇë Command failed with exit code 1.
